[debug] [2026-06-10T08:01:38.210Z] ----------------------------------------------------------------------
[debug] [2026-06-10T08:01:38.213Z] Command:       C:\Program Files\nodejs\node.exe C:\Users\user\AppData\Roaming\npm\node_modules\firebase-tools\lib\bin\firebase.js deploy --only functions
[debug] [2026-06-10T08:01:38.213Z] CLI Version:   15.6.0
[debug] [2026-06-10T08:01:38.213Z] Platform:      win32
[debug] [2026-06-10T08:01:38.213Z] Node Version:  v24.12.0
[debug] [2026-06-10T08:01:38.213Z] Time:          Wed Jun 10 2026 17:01:38 GMT+0900 (대한민국 표준시)
[debug] [2026-06-10T08:01:38.213Z] ----------------------------------------------------------------------
[debug] 
[debug] [2026-06-10T08:01:38.214Z] >>> [apiv2][query] GET https://firebase-public.firebaseio.com/cli.json [none]
[debug] [2026-06-10T08:01:40.330Z] > command requires scopes: ["email","openid","https://www.googleapis.com/auth/cloudplatformprojects.readonly","https://www.googleapis.com/auth/firebase","https://www.googleapis.com/auth/cloud-platform"]
[debug] [2026-06-10T08:01:40.330Z] > authorizing via signed-in user (officekipo@gmail.com)
[debug] [2026-06-10T08:01:40.330Z] [iam] checking project our-taste-36646 for permissions ["cloudfunctions.functions.create","cloudfunctions.functions.delete","cloudfunctions.functions.get","cloudfunctions.functions.list","cloudfunctions.functions.update","cloudfunctions.operations.get","firebase.projects.get"]
[debug] [2026-06-10T08:01:40.330Z] Checked if tokens are valid: false, expires at: 1777253275939
[debug] [2026-06-10T08:01:40.330Z] Checked if tokens are valid: false, expires at: 1777253275939
[debug] [2026-06-10T08:01:40.331Z] > refreshing access token with scopes: []
[debug] [2026-06-10T08:01:40.331Z] >>> [apiv2][query] POST https://www.googleapis.com/oauth2/v3/token [none]
[debug] [2026-06-10T08:01:40.331Z] >>> [apiv2][body] POST https://www.googleapis.com/oauth2/v3/token [omitted]
[debug] [2026-06-10T08:01:40.513Z] <<< [apiv2][status] POST https://www.googleapis.com/oauth2/v3/token 200
[debug] [2026-06-10T08:01:40.513Z] <<< [apiv2][body] POST https://www.googleapis.com/oauth2/v3/token [omitted]
[debug] [2026-06-10T08:01:40.519Z] >>> [apiv2][query] POST https://cloudresourcemanager.googleapis.com/v1/projects/our-taste-36646:testIamPermissions [none]
[debug] [2026-06-10T08:01:40.519Z] >>> [apiv2][(partial)header] POST https://cloudresourcemanager.googleapis.com/v1/projects/our-taste-36646:testIamPermissions  x-goog-user-project=our-taste-36646
[debug] [2026-06-10T08:01:40.519Z] >>> [apiv2][body] POST https://cloudresourcemanager.googleapis.com/v1/projects/our-taste-36646:testIamPermissions {"permissions":["cloudfunctions.functions.create","cloudfunctions.functions.delete","cloudfunctions.functions.get","cloudfunctions.functions.list","cloudfunctions.functions.update","cloudfunctions.operations.get","firebase.projects.get"]}
[debug] [2026-06-10T08:01:40.703Z] <<< [apiv2][status] GET https://firebase-public.firebaseio.com/cli.json 200
[debug] [2026-06-10T08:01:40.703Z] <<< [apiv2][body] GET https://firebase-public.firebaseio.com/cli.json {"cloudBuildErrorAfter":1594252800000,"cloudBuildWarnAfter":1590019200000,"defaultNode10After":1594252800000,"minVersion":"3.0.5","node8DeploysDisabledAfter":1613390400000,"node8RuntimeDisabledAfter":1615809600000,"node8WarnAfter":1600128000000}
[debug] [2026-06-10T08:01:40.739Z] <<< [apiv2][status] POST https://cloudresourcemanager.googleapis.com/v1/projects/our-taste-36646:testIamPermissions 200
[debug] [2026-06-10T08:01:40.739Z] <<< [apiv2][body] POST https://cloudresourcemanager.googleapis.com/v1/projects/our-taste-36646:testIamPermissions {"permissions":["cloudfunctions.functions.create","cloudfunctions.functions.delete","cloudfunctions.functions.get","cloudfunctions.functions.list","cloudfunctions.functions.update","cloudfunctions.operations.get","firebase.projects.get"]}
[debug] [2026-06-10T08:01:40.739Z] Checked if tokens are valid: true, expires at: 1781082099513
[debug] [2026-06-10T08:01:40.739Z] Checked if tokens are valid: true, expires at: 1781082099513
[debug] [2026-06-10T08:01:40.739Z] >>> [apiv2][query] POST https://iam.googleapis.com/v1/projects/our-taste-36646/serviceAccounts/our-taste-36646@appspot.gserviceaccount.com:testIamPermissions [none]
[debug] [2026-06-10T08:01:40.739Z] >>> [apiv2][body] POST https://iam.googleapis.com/v1/projects/our-taste-36646/serviceAccounts/our-taste-36646@appspot.gserviceaccount.com:testIamPermissions {"permissions":["iam.serviceAccounts.actAs"]}
[debug] [2026-06-10T08:01:41.718Z] <<< [apiv2][status] POST https://iam.googleapis.com/v1/projects/our-taste-36646/serviceAccounts/our-taste-36646@appspot.gserviceaccount.com:testIamPermissions 200
[debug] [2026-06-10T08:01:41.718Z] <<< [apiv2][body] POST https://iam.googleapis.com/v1/projects/our-taste-36646/serviceAccounts/our-taste-36646@appspot.gserviceaccount.com:testIamPermissions {"permissions":["iam.serviceAccounts.actAs"]}
[info] 
[info] === Deploying to 'our-taste-36646'...
[info] 
[info] i  deploying functions 
[info] Running command: npm --prefix "$RESOURCE_DIR" run build
[info] +  functions: Finished running predeploy script. 
[debug] [2026-06-10T08:01:48.803Z] Checked if tokens are valid: true, expires at: 1781082099513
[debug] [2026-06-10T08:01:48.803Z] Checked if tokens are valid: true, expires at: 1781082099513
[debug] [2026-06-10T08:01:48.803Z] >>> [apiv2][query] GET https://cloudresourcemanager.googleapis.com/v1/projects/our-taste-36646 [none]
[debug] [2026-06-10T08:01:49.040Z] <<< [apiv2][status] GET https://cloudresourcemanager.googleapis.com/v1/projects/our-taste-36646 200
[debug] [2026-06-10T08:01:49.040Z] <<< [apiv2][body] GET https://cloudresourcemanager.googleapis.com/v1/projects/our-taste-36646 {"projectNumber":"458084666631","projectId":"our-taste-36646","lifecycleState":"ACTIVE","name":"Our Taste","labels":{"firebase":"enabled","firebase-core":"disabled"},"createTime":"2026-03-29T18:35:50.991Z"}
[info] i  functions: preparing codebase default for deployment 
[info] i  functions: ensuring required API cloudfunctions.googleapis.com is enabled... 
[info] i  functions: ensuring required API cloudbuild.googleapis.com is enabled... 
[info] i  artifactregistry: ensuring required API artifactregistry.googleapis.com is enabled... 
[debug] [2026-06-10T08:01:49.042Z] Checked if tokens are valid: true, expires at: 1781082099513
[debug] [2026-06-10T08:01:49.042Z] Checked if tokens are valid: true, expires at: 1781082099513
[debug] [2026-06-10T08:01:49.042Z] >>> [apiv2][query] GET https://firebase.googleapis.com/v1beta1/projects/our-taste-36646/adminSdkConfig [none]
[debug] [2026-06-10T08:01:49.929Z] <<< [apiv2][status] GET https://firebase.googleapis.com/v1beta1/projects/our-taste-36646/adminSdkConfig 200
[debug] [2026-06-10T08:01:49.929Z] <<< [apiv2][body] GET https://firebase.googleapis.com/v1beta1/projects/our-taste-36646/adminSdkConfig {"projectId":"our-taste-36646","storageBucket":"our-taste-36646.firebasestorage.app"}
[debug] [2026-06-10T08:01:49.931Z] Validating nodejs source
[warn] !  functions: Runtime Node.js 20 was deprecated on 2026-04-30 and will be decommissioned on 2026-10-30, after which you will not be able to deploy without upgrading. Consider upgrading now to avoid disruption. See https://cloud.google.com/functions/docs/runtime-support for full details on the lifecycle policy 
[warn] !  functions: package.json indicates an outdated version of firebase-functions. Please upgrade using npm install --save firebase-functions@latest in your functions directory. 
[warn] !  functions: Please note that there will be breaking changes when you upgrade. 
[debug] [2026-06-10T08:01:50.608Z] > [functions] package.json contents: {
  "name": "functions",
  "scripts": {
    "build": "tsc",
    "serve": "npm run build && firebase emulators:start --only functions",
    "deploy": "firebase deploy --only functions"
  },
  "engines": {
    "node": "20"
  },
  "main": "lib/index.js",
  "dependencies": {
    "firebase-admin": "^12.0.0",
    "firebase-functions": "^5.0.0"
  },
  "devDependencies": {
    "typescript": "^5.0.0"
  },
  "private": true
}
[debug] [2026-06-10T08:01:50.608Z] Building nodejs source
[info] i  functions: Loading and analyzing source code for codebase default to determine what to deploy 
[debug] [2026-06-10T08:01:50.609Z] Could not find functions.yaml. Must use http discovery
[debug] [2026-06-10T08:01:50.616Z] Found firebase-functions binary at 'D:\_office_kipo\our_taste\functions\node_modules\.bin\firebase-functions'
[info] Serving at port 8758

[debug] [2026-06-10T08:01:53.188Z] Got response from /__/functions.yaml {"endpoints":{"onVisitedCreated":{"availableMemoryMb":null,"timeoutSeconds":null,"minInstances":null,"maxInstances":null,"ingressSettings":null,"concurrency":null,"serviceAccountEmail":null,"vpc":null,"platform":"gcfv2","labels":{},"eventTrigger":{"eventType":"google.cloud.firestore.document.v1.created","eventFilters":{"database":"(default)","namespace":"(default)"},"eventFilterPathPatterns":{"document":"visited/{docId}"},"retry":false},"entryPoint":"onVisitedCreated"},"onWishlistCreated":{"availableMemoryMb":null,"timeoutSeconds":null,"minInstances":null,"maxInstances":null,"ingressSettings":null,"concurrency":null,"serviceAccountEmail":null,"vpc":null,"platform":"gcfv2","labels":{},"eventTrigger":{"eventType":"google.cloud.firestore.document.v1.created","eventFilters":{"database":"(default)","namespace":"(default)"},"eventFilterPathPatterns":{"document":"wishlist/{docId}"},"retry":false},"entryPoint":"onWishlistCreated"},"checkAnniversaries":{"availableMemoryMb":null,"timeoutSeconds":null,"minInstances":null,"maxInstances":null,"ingressSettings":null,"concurrency":null,"serviceAccountEmail":null,"vpc":null,"platform":"gcfv2","labels":{},"scheduleTrigger":{"schedule":"0 0 * * *","retryConfig":{},"timeZone":"Asia/Seoul"},"entryPoint":"checkAnniversaries"}},"specVersion":"v1alpha1","requiredAPIs":[{"api":"cloudscheduler.googleapis.com","reason":"Needed for scheduled functions."}],"extensions":{}}
[info] i  extensions: ensuring required API firebaseextensions.googleapis.com is enabled... 
[debug] [2026-06-10T08:01:57.228Z] > command requires scopes: ["email","openid","https://www.googleapis.com/auth/cloudplatformprojects.readonly","https://www.googleapis.com/auth/firebase","https://www.googleapis.com/auth/cloud-platform"]
[debug] [2026-06-10T08:01:57.228Z] > authorizing via signed-in user (officekipo@gmail.com)
[debug] [2026-06-10T08:01:57.228Z] [iam] checking project our-taste-36646 for permissions ["firebase.projects.get","firebaseextensions.instances.list"]
[debug] [2026-06-10T08:01:57.229Z] Checked if tokens are valid: true, expires at: 1781082099513
[debug] [2026-06-10T08:01:57.229Z] Checked if tokens are valid: true, expires at: 1781082099513
[debug] [2026-06-10T08:01:57.229Z] >>> [apiv2][query] POST https://cloudresourcemanager.googleapis.com/v1/projects/our-taste-36646:testIamPermissions [none]
[debug] [2026-06-10T08:01:57.229Z] >>> [apiv2][(partial)header] POST https://cloudresourcemanager.googleapis.com/v1/projects/our-taste-36646:testIamPermissions  x-goog-user-project=our-taste-36646
[debug] [2026-06-10T08:01:57.229Z] >>> [apiv2][body] POST https://cloudresourcemanager.googleapis.com/v1/projects/our-taste-36646:testIamPermissions {"permissions":["firebase.projects.get","firebaseextensions.instances.list"]}
[debug] [2026-06-10T08:01:57.432Z] <<< [apiv2][status] POST https://cloudresourcemanager.googleapis.com/v1/projects/our-taste-36646:testIamPermissions 200
[debug] [2026-06-10T08:01:57.432Z] <<< [apiv2][body] POST https://cloudresourcemanager.googleapis.com/v1/projects/our-taste-36646:testIamPermissions {"permissions":["firebase.projects.get","firebaseextensions.instances.list"]}
[debug] [2026-06-10T08:01:57.432Z] Checked if tokens are valid: true, expires at: 1781082099513
[debug] [2026-06-10T08:01:57.432Z] Checked if tokens are valid: true, expires at: 1781082099513
[debug] [2026-06-10T08:01:57.433Z] >>> [apiv2][query] GET https://firebaseextensions.googleapis.com/v1beta/projects/our-taste-36646/instances pageSize=100&pageToken=
[debug] [2026-06-10T08:01:58.387Z] <<< [apiv2][status] GET https://firebaseextensions.googleapis.com/v1beta/projects/our-taste-36646/instances 200
[debug] [2026-06-10T08:01:58.387Z] <<< [apiv2][body] GET https://firebaseextensions.googleapis.com/v1beta/projects/our-taste-36646/instances {}
[info] i  functions: preparing functions directory for uploading... 
[info] i  functions: packaged D:\_office_kipo\our_taste\functions (38.74 KB) for uploading 
[debug] [2026-06-10T08:01:58.425Z] Checked if tokens are valid: true, expires at: 1781082099513
[debug] [2026-06-10T08:01:58.425Z] Checked if tokens are valid: true, expires at: 1781082099513
[debug] [2026-06-10T08:01:58.425Z] >>> [apiv2][query] GET https://cloudfunctions.googleapis.com/v1/projects/our-taste-36646/locations/-/functions [none]
[debug] [2026-06-10T08:01:59.466Z] <<< [apiv2][status] GET https://cloudfunctions.googleapis.com/v1/projects/our-taste-36646/locations/-/functions 200
[debug] [2026-06-10T08:01:59.466Z] <<< [apiv2][body] GET https://cloudfunctions.googleapis.com/v1/projects/our-taste-36646/locations/-/functions {}
[debug] [2026-06-10T08:01:59.467Z] Checked if tokens are valid: true, expires at: 1781082099513
[debug] [2026-06-10T08:01:59.467Z] Checked if tokens are valid: true, expires at: 1781082099513
[debug] [2026-06-10T08:01:59.467Z] >>> [apiv2][query] GET https://cloudfunctions.googleapis.com/v2/projects/our-taste-36646/locations/-/functions filter=environment%3D%22GEN_2%22
[debug] [2026-06-10T08:02:00.925Z] <<< [apiv2][status] GET https://cloudfunctions.googleapis.com/v2/projects/our-taste-36646/locations/-/functions 200
[debug] [2026-06-10T08:02:00.925Z] <<< [apiv2][body] GET https://cloudfunctions.googleapis.com/v2/projects/our-taste-36646/locations/-/functions {"functions":[{"name":"projects/our-taste-36646/locations/us-central1/functions/checkAnniversaries","buildConfig":{"build":"projects/458084666631/locations/us-central1/builds/5ca68abf-fc2a-4429-9097-56b5b17cf965","runtime":"nodejs20","entryPoint":"checkAnniversaries","source":{"storageSource":{"bucket":"gcf-v2-sources-458084666631-us-central1","object":"checkAnniversaries/function-source.zip","generation":"1777250086407265"}},"environmentVariables":{"GOOGLE_NODE_RUN_SCRIPTS":""},"dockerRepository":"projects/our-taste-36646/locations/us-central1/repositories/gcf-artifacts","sourceProvenance":{"resolvedStorageSource":{"bucket":"gcf-v2-sources-458084666631-us-central1","object":"checkAnniversaries/function-source.zip","generation":"1777250086407265"}},"dockerRegistry":"ARTIFACT_REGISTRY","serviceAccount":"projects/our-taste-36646/serviceAccounts/458084666631-compute@developer.gserviceaccount.com","automaticUpdatePolicy":{}},"serviceConfig":{"service":"projects/our-taste-36646/locations/us-central1/services/checkanniversaries","timeoutSeconds":60,"environmentVariables":{"FIREBASE_CONFIG":"{\"projectId\":\"our-taste-36646\",\"storageBucket\":\"our-taste-36646.firebasestorage.app\"}","GCLOUD_PROJECT":"our-taste-36646","EVENTARC_CLOUD_EVENT_SOURCE":"projects/our-taste-36646/locations/us-central1/services/checkAnniversaries","FUNCTION_TARGET":"checkAnniversaries","LOG_EXECUTION_ID":"true"},"ingressSettings":"ALLOW_ALL","uri":"https://checkanniversaries-cycepyupvq-uc.a.run.app","serviceAccountEmail":"458084666631-compute@developer.gserviceaccount.com","availableMemory":"256Mi","allTrafficOnLatestRevision":true,"revision":"checkanniversaries-00001-sor","maxInstanceRequestConcurrency":80,"availableCpu":"1"},"state":"ACTIVE","updateTime":"2026-04-27T00:35:57.748222874Z","labels":{"deployment-scheduled":"true","firebase-functions-hash":"bf04606b21729cb7cd4b74808bf6bd8bec10b628","deployment-tool":"cli-firebase"},"environment":"GEN_2","url":"https://us-central1-our-taste-36646.cloudfunctions.net/checkAnniversaries","createTime":"2026-04-27T00:34:46.689490008Z","satisfiesPzi":true},{"name":"projects/our-taste-36646/locations/us-central1/functions/onWishlistCreated","buildConfig":{"build":"projects/458084666631/locations/us-central1/builds/27e2a7c4-052f-4867-be3e-fcaf08c08b25","runtime":"nodejs20","entryPoint":"onWishlistCreated","source":{"storageSource":{"bucket":"gcf-v2-sources-458084666631-us-central1","object":"onWishlistCreated/function-source.zip","generation":"1777250677331275"}},"environmentVariables":{"GOOGLE_NODE_RUN_SCRIPTS":""},"dockerRepository":"projects/our-taste-36646/locations/us-central1/repositories/gcf-artifacts","sourceProvenance":{"resolvedStorageSource":{"bucket":"gcf-v2-sources-458084666631-us-central1","object":"onWishlistCreated/function-source.zip","generation":"1777250677331275"}},"dockerRegistry":"ARTIFACT_REGISTRY","serviceAccount":"projects/our-taste-36646/serviceAccounts/458084666631-compute@developer.gserviceaccount.com","automaticUpdatePolicy":{}},"serviceConfig":{"service":"projects/our-taste-36646/locations/us-central1/services/onwishlistcreated","timeoutSeconds":60,"environmentVariables":{"FIREBASE_CONFIG":"{\"projectId\":\"our-taste-36646\",\"storageBucket\":\"our-taste-36646.firebasestorage.app\"}","GCLOUD_PROJECT":"our-taste-36646","EVENTARC_CLOUD_EVENT_SOURCE":"projects/our-taste-36646/locations/us-central1/services/onWishlistCreated","FUNCTION_SIGNATURE_TYPE":"cloudevent","FUNCTION_TARGET":"onWishlistCreated","LOG_EXECUTION_ID":"true"},"ingressSettings":"ALLOW_ALL","uri":"https://onwishlistcreated-cycepyupvq-uc.a.run.app","serviceAccountEmail":"458084666631-compute@developer.gserviceaccount.com","availableMemory":"256Mi","allTrafficOnLatestRevision":true,"revision":"onwishlistcreated-00001-niv","maxInstanceRequestConcurrency":80,"availableCpu":"1"},"eventTrigger":{"trigger":"projects/our-taste-36646/locations/asia-northeast3/triggers/onwishlistcreated-977557","triggerRegion":"asia-northeast3","eventType":"google.cloud.firestore.document.v1.created","eventFilters":[{"attribute":"document","value":"wishlist/{docId}","operator":"match-path-pattern"},{"attribute":"database","value":"(default)"},{"attribute":"namespace","value":"(default)"}],"pubsubTopic":"projects/our-taste-36646/topics/eventarc-asia-northeast3-onwishlistcreated-977557-287","serviceAccountEmail":"458084666631-compute@developer.gserviceaccount.com","retryPolicy":"RETRY_POLICY_DO_NOT_RETRY"},"state":"ACTIVE","updateTime":"2026-04-27T00:45:00.142126267Z","labels":{"deployment-tool":"cli-firebase","firebase-functions-hash":"bf04606b21729cb7cd4b74808bf6bd8bec10b628"},"environment":"GEN_2","url":"https://us-central1-our-taste-36646.cloudfunctions.net/onWishlistCreated","createTime":"2026-04-27T00:44:37.730280102Z","satisfiesPzi":true},{"name":"projects/our-taste-36646/locations/us-central1/functions/onVisitedCreated","buildConfig":{"build":"projects/458084666631/locations/us-central1/builds/27e2a7c4-052f-4867-be3e-fcaf08c08b25","runtime":"nodejs20","entryPoint":"onVisitedCreated","source":{"storageSource":{"bucket":"gcf-v2-sources-458084666631-us-central1","object":"onVisitedCreated/function-source.zip","generation":"1777250618957456"}},"environmentVariables":{"GOOGLE_NODE_RUN_SCRIPTS":""},"dockerRepository":"projects/our-taste-36646/locations/us-central1/repositories/gcf-artifacts","sourceProvenance":{"resolvedStorageSource":{"bucket":"gcf-v2-sources-458084666631-us-central1","object":"onVisitedCreated/function-source.zip","generation":"1777250618957456"}},"dockerRegistry":"ARTIFACT_REGISTRY","serviceAccount":"projects/our-taste-36646/serviceAccounts/458084666631-compute@developer.gserviceaccount.com","automaticUpdatePolicy":{}},"serviceConfig":{"service":"projects/our-taste-36646/locations/us-central1/services/onvisitedcreated","timeoutSeconds":60,"environmentVariables":{"FIREBASE_CONFIG":"{\"projectId\":\"our-taste-36646\",\"storageBucket\":\"our-taste-36646.firebasestorage.app\"}","GCLOUD_PROJECT":"our-taste-36646","EVENTARC_CLOUD_EVENT_SOURCE":"projects/our-taste-36646/locations/us-central1/services/onVisitedCreated","FUNCTION_SIGNATURE_TYPE":"cloudevent","FUNCTION_TARGET":"onVisitedCreated","LOG_EXECUTION_ID":"true"},"ingressSettings":"ALLOW_ALL","uri":"https://onvisitedcreated-cycepyupvq-uc.a.run.app","serviceAccountEmail":"458084666631-compute@developer.gserviceaccount.com","availableMemory":"256Mi","allTrafficOnLatestRevision":true,"revision":"onvisitedcreated-00001-hak","maxInstanceRequestConcurrency":80,"availableCpu":"1"},"eventTrigger":{"trigger":"projects/our-taste-36646/locations/asia-northeast3/triggers/onvisitedcreated-549465","triggerRegion":"asia-northeast3","eventType":"google.cloud.firestore.document.v1.created","eventFilters":[{"attribute":"database","value":"(default)"},{"attribute":"namespace","value":"(default)"},{"attribute":"document","value":"visited/{docId}","operator":"match-path-pattern"}],"pubsubTopic":"projects/our-taste-36646/topics/eventarc-asia-northeast3-onvisitedcreated-549465-988","serviceAccountEmail":"458084666631-compute@developer.gserviceaccount.com","retryPolicy":"RETRY_POLICY_DO_NOT_RETRY"},"state":"ACTIVE","updateTime":"2026-04-27T00:44:56.989647030Z","labels":{"deployment-tool":"cli-firebase","firebase-functions-hash":"bf04606b21729cb7cd4b74808bf6bd8bec10b628"},"environment":"GEN_2","url":"https://us-central1-our-taste-36646.cloudfunctions.net/onVisitedCreated","createTime":"2026-04-27T00:43:39.998595955Z","satisfiesPzi":true},{"name":"projects/our-taste-36646/locations/us-central1/functions/helloWorld","buildConfig":{"build":"projects/458084666631/locations/us-central1/builds/cb7244f7-335b-4f29-97c7-847649b327a2","runtime":"nodejs24","entryPoint":"helloWorld","source":{"storageSource":{"bucket":"gcf-v2-sources-458084666631-us-central1","object":"helloWorld/function-source.zip","generation":"1776739304378602"}},"environmentVariables":{"GOOGLE_NODE_RUN_SCRIPTS":""},"dockerRepository":"projects/our-taste-36646/locations/us-central1/repositories/gcf-artifacts","sourceProvenance":{"resolvedStorageSource":{"bucket":"gcf-v2-sources-458084666631-us-central1","object":"helloWorld/function-source.zip","generation":"1776739304378602"}},"dockerRegistry":"ARTIFACT_REGISTRY","serviceAccount":"projects/our-taste-36646/serviceAccounts/458084666631-compute@developer.gserviceaccount.com","automaticUpdatePolicy":{}},"serviceConfig":{"service":"projects/our-taste-36646/locations/us-central1/services/helloworld","timeoutSeconds":60,"environmentVariables":{"FIREBASE_CONFIG":"{\"projectId\":\"our-taste-36646\",\"storageBucket\":\"our-taste-36646.firebasestorage.app\"}","GCLOUD_PROJECT":"our-taste-36646","EVENTARC_CLOUD_EVENT_SOURCE":"projects/our-taste-36646/locations/us-central1/services/helloWorld","FUNCTION_TARGET":"helloWorld","LOG_EXECUTION_ID":"true"},"maxInstanceCount":10,"ingressSettings":"ALLOW_ALL","uri":"https://helloworld-cycepyupvq-uc.a.run.app","serviceAccountEmail":"458084666631-compute@developer.gserviceaccount.com","availableMemory":"256Mi","allTrafficOnLatestRevision":true,"revision":"helloworld-00001-daj","maxInstanceRequestConcurrency":80,"availableCpu":"1"},"state":"ACTIVE","updateTime":"2026-04-21T02:43:00.129369844Z","labels":{"deployment-tool":"cli-firebase","firebase-functions-hash":"7fe52cbf133f2226190517594ac4c2f20b8d9841"},"environment":"GEN_2","url":"https://us-central1-our-taste-36646.cloudfunctions.net/helloWorld","createTime":"2026-04-21T02:25:19.327147543Z","satisfiesPzi":true}]}
[debug] [2026-06-10T08:02:00.926Z] Checked if tokens are valid: true, expires at: 1781082099513
[debug] [2026-06-10T08:02:00.926Z] Checked if tokens are valid: true, expires at: 1781082099513
[debug] [2026-06-10T08:02:00.926Z] >>> [apiv2][query] GET https://firestore.googleapis.com/v1/projects/our-taste-36646/databases/(default) [none]
[debug] [2026-06-10T08:02:01.043Z] <<< [apiv2][status] GET https://firestore.googleapis.com/v1/projects/our-taste-36646/databases/(default) 200
[debug] [2026-06-10T08:02:01.043Z] <<< [apiv2][body] GET https://firestore.googleapis.com/v1/projects/our-taste-36646/databases/(default) {"name":"projects/our-taste-36646/databases/(default)","uid":"56f2e6e2-a8ca-4970-9a91-15143d3fc03d","createTime":"2026-03-29T18:42:20.746286Z","updateTime":"2026-03-29T18:42:20.746286Z","locationId":"asia-northeast3","type":"FIRESTORE_NATIVE","concurrencyMode":"PESSIMISTIC","versionRetentionPeriod":"3600s","earliestVersionTime":"2026-06-10T07:01:59.419202Z","appEngineIntegrationMode":"DISABLED","keyPrefix":"v","pointInTimeRecoveryEnablement":"POINT_IN_TIME_RECOVERY_DISABLED","deleteProtectionState":"DELETE_PROTECTION_DISABLED","databaseEdition":"STANDARD","freeTier":true,"realtimeUpdatesMode":"REALTIME_UPDATES_MODE_ENABLED","etag":"ILKe3sOa/JQDMJnnjZzbypMD"}
[info] i  functions: ensuring required API cloudscheduler.googleapis.com is enabled... 
[info] i  functions: ensuring required API run.googleapis.com is enabled... 
[info] i  functions: ensuring required API eventarc.googleapis.com is enabled... 
[info] i  functions: ensuring required API pubsub.googleapis.com is enabled... 
[info] i  functions: ensuring required API storage.googleapis.com is enabled... 
[info] i  functions: generating the service identity for pubsub.googleapis.com... 
[debug] [2026-06-10T08:02:01.046Z] Checked if tokens are valid: true, expires at: 1781082099513
[debug] [2026-06-10T08:02:01.046Z] Checked if tokens are valid: true, expires at: 1781082099513
[info] i  functions: generating the service identity for eventarc.googleapis.com... 
[debug] [2026-06-10T08:02:01.046Z] Checked if tokens are valid: true, expires at: 1781082099513
[debug] [2026-06-10T08:02:01.046Z] Checked if tokens are valid: true, expires at: 1781082099513
[debug] [2026-06-10T08:02:01.046Z] >>> [apiv2][query] POST https://serviceusage.googleapis.com/v1beta1/projects/458084666631/services/pubsub.googleapis.com:generateServiceIdentity [none]
[debug] [2026-06-10T08:02:01.046Z] >>> [apiv2][(partial)header] POST https://serviceusage.googleapis.com/v1beta1/projects/458084666631/services/pubsub.googleapis.com:generateServiceIdentity  x-goog-user-project=458084666631
[debug] [2026-06-10T08:02:01.046Z] >>> [apiv2][body] POST https://serviceusage.googleapis.com/v1beta1/projects/458084666631/services/pubsub.googleapis.com:generateServiceIdentity {}
[debug] [2026-06-10T08:02:01.047Z] >>> [apiv2][query] POST https://serviceusage.googleapis.com/v1beta1/projects/458084666631/services/eventarc.googleapis.com:generateServiceIdentity [none]
[debug] [2026-06-10T08:02:01.047Z] >>> [apiv2][(partial)header] POST https://serviceusage.googleapis.com/v1beta1/projects/458084666631/services/eventarc.googleapis.com:generateServiceIdentity  x-goog-user-project=458084666631
[debug] [2026-06-10T08:02:01.047Z] >>> [apiv2][body] POST https://serviceusage.googleapis.com/v1beta1/projects/458084666631/services/eventarc.googleapis.com:generateServiceIdentity {}
[debug] [2026-06-10T08:02:02.277Z] <<< [apiv2][status] POST https://serviceusage.googleapis.com/v1beta1/projects/458084666631/services/eventarc.googleapis.com:generateServiceIdentity 200
[debug] [2026-06-10T08:02:02.277Z] <<< [apiv2][body] POST https://serviceusage.googleapis.com/v1beta1/projects/458084666631/services/eventarc.googleapis.com:generateServiceIdentity {"name":"operations/finished.DONE_OPERATION","done":true,"response":{"@type":"type.googleapis.com/google.api.serviceusage.v1beta1.ServiceIdentity","email":"service-458084666631@gcp-sa-eventarc.iam.gserviceaccount.com","uniqueId":"106027097479886418812"}}
[debug] [2026-06-10T08:02:02.279Z] <<< [apiv2][status] POST https://serviceusage.googleapis.com/v1beta1/projects/458084666631/services/pubsub.googleapis.com:generateServiceIdentity 200
[debug] [2026-06-10T08:02:02.279Z] <<< [apiv2][body] POST https://serviceusage.googleapis.com/v1beta1/projects/458084666631/services/pubsub.googleapis.com:generateServiceIdentity {"name":"operations/finished.DONE_OPERATION","done":true,"response":{"@type":"type.googleapis.com/google.api.serviceusage.v1beta1.ServiceIdentity","email":"service-458084666631@gcp-sa-pubsub.iam.gserviceaccount.com","uniqueId":"112252438583653646781"}}
[debug] [2026-06-10T08:02:02.281Z] Checked if tokens are valid: true, expires at: 1781082099513
[debug] [2026-06-10T08:02:02.281Z] Checked if tokens are valid: true, expires at: 1781082099513
[debug] [2026-06-10T08:02:02.281Z] >>> [apiv2][query] GET https://cloudresourcemanager.googleapis.com/v1/projects/our-taste-36646 [none]
[debug] [2026-06-10T08:02:02.479Z] <<< [apiv2][status] GET https://cloudresourcemanager.googleapis.com/v1/projects/our-taste-36646 200
[debug] [2026-06-10T08:02:02.479Z] <<< [apiv2][body] GET https://cloudresourcemanager.googleapis.com/v1/projects/our-taste-36646 {"projectNumber":"458084666631","projectId":"our-taste-36646","lifecycleState":"ACTIVE","name":"Our Taste","labels":{"firebase":"enabled","firebase-core":"disabled"},"createTime":"2026-03-29T18:35:50.991Z"}
[debug] [2026-06-10T08:02:02.480Z] Checked if tokens are valid: true, expires at: 1781082099513
[debug] [2026-06-10T08:02:02.480Z] Checked if tokens are valid: true, expires at: 1781082099513
[debug] [2026-06-10T08:02:02.480Z] >>> [apiv2][query] GET https://compute.googleapis.com/compute/v1/projects/458084666631 [none]
[debug] [2026-06-10T08:02:02.929Z] <<< [apiv2][status] GET https://compute.googleapis.com/compute/v1/projects/458084666631 200
[debug] [2026-06-10T08:02:02.930Z] <<< [apiv2][body] GET https://compute.googleapis.com/compute/v1/projects/458084666631 {"kind":"compute#project","id":"3407409159145741214","creationTimestamp":"2026-04-20T19:48:17.446-07:00","name":"our-taste-36646","commonInstanceMetadata":{"kind":"compute#metadata","fingerprint":"8kmH1zfChVE="},"quotas":[{"metric":"SNAPSHOTS","limit":1000,"usage":0},{"metric":"NETWORKS","limit":5,"usage":1},{"metric":"FIREWALLS","limit":100,"usage":4},{"metric":"IMAGES","limit":100,"usage":0},{"metric":"STATIC_ADDRESSES","limit":8,"usage":0},{"metric":"ROUTES","limit":200,"usage":0},{"metric":"FORWARDING_RULES","limit":15,"usage":0},{"metric":"TARGET_POOLS","limit":50,"usage":0},{"metric":"HEALTH_CHECKS","limit":75,"usage":0},{"metric":"IN_USE_ADDRESSES","limit":8,"usage":0},{"metric":"TARGET_INSTANCES","limit":50,"usage":0},{"metric":"TARGET_HTTP_PROXIES","limit":10,"usage":0},{"metric":"URL_MAPS","limit":10,"usage":0},{"metric":"BACKEND_SERVICES","limit":50,"usage":0},{"metric":"INSTANCE_TEMPLATES","limit":100,"usage":0},{"metric":"TARGET_VPN_GATEWAYS","limit":5,"usage":0},{"metric":"VPN_TUNNELS","limit":10,"usage":0},{"metric":"BACKEND_BUCKETS","limit":3,"usage":0},{"metric":"ROUTERS","limit":10,"usage":0},{"metric":"TARGET_SSL_PROXIES","limit":10,"usage":0},{"metric":"TARGET_HTTPS_PROXIES","limit":10,"usage":0},{"metric":"SSL_CERTIFICATES","limit":10,"usage":0},{"metric":"SUBNETWORKS","limit":100,"usage":0},{"metric":"TARGET_TCP_PROXIES","limit":10,"usage":0},{"metric":"CPUS_ALL_REGIONS","limit":32,"usage":0},{"metric":"SECURITY_POLICIES","limit":10,"usage":0},{"metric":"SECURITY_POLICY_RULES","limit":100,"usage":0},{"metric":"XPN_SERVICE_PROJECTS","limit":1000,"usage":0},{"metric":"PACKET_MIRRORINGS","limit":20,"usage":0},{"metric":"NETWORK_ENDPOINT_GROUPS","limit":100,"usage":0},{"metric":"INTERCONNECTS","limit":6,"usage":0},{"metric":"SSL_POLICIES","limit":10,"usage":0},{"metric":"GLOBAL_INTERNAL_ADDRESSES","limit":5000,"usage":0},{"metric":"VPN_GATEWAYS","limit":5,"usage":0},{"metric":"MACHINE_IMAGES","limit":100,"usage":0},{"metric":"SECURITY_POLICY_CEVAL_RULES","limit":20,"usage":0},{"metric":"GPUS_ALL_REGIONS","limit":0,"usage":0},{"metric":"EXTERNAL_VPN_GATEWAYS","limit":5,"usage":0},{"metric":"PUBLIC_ADVERTISED_PREFIXES","limit":1,"usage":0},{"metric":"PUBLIC_DELEGATED_PREFIXES","limit":10,"usage":0},{"metric":"STATIC_BYOIP_ADDRESSES","limit":128,"usage":0},{"metric":"NETWORK_FIREWALL_POLICIES","limit":10,"usage":0},{"metric":"INTERNAL_TRAFFIC_DIRECTOR_FORWARDING_RULES","limit":15,"usage":0},{"metric":"GLOBAL_EXTERNAL_MANAGED_FORWARDING_RULES","limit":15,"usage":0},{"metric":"GLOBAL_INTERNAL_MANAGED_BACKEND_SERVICES","limit":50,"usage":0},{"metric":"GLOBAL_EXTERNAL_MANAGED_BACKEND_SERVICES","limit":50,"usage":0},{"metric":"GLOBAL_EXTERNAL_PROXY_LB_BACKEND_SERVICES","limit":50,"usage":0},{"metric":"GLOBAL_INTERNAL_TRAFFIC_DIRECTOR_BACKEND_SERVICES","limit":250,"usage":0}],"selfLink":"https://www.googleapis.com/compute/v1/projects/our-taste-36646","defaultServiceAccount":"458084666631-compute@developer.gserviceaccount.com","xpnProjectStatus":"UNSPECIFIED_XPN_PROJECT_STATUS","defaultNetworkTier":"PREMIUM","vmDnsSetting":"ZONAL_ONLY","cloudArmorTier":"CA_STANDARD"}
[debug] [2026-06-10T08:02:02.930Z] Checked if tokens are valid: true, expires at: 1781082099513
[debug] [2026-06-10T08:02:02.930Z] Checked if tokens are valid: true, expires at: 1781082099513
[debug] [2026-06-10T08:02:02.931Z] >>> [apiv2][query] GET https://cloudbilling.googleapis.com/v1/projects/our-taste-36646/billingInfo [none]
[debug] [2026-06-10T08:02:04.113Z] <<< [apiv2][status] GET https://cloudbilling.googleapis.com/v1/projects/our-taste-36646/billingInfo 200
[debug] [2026-06-10T08:02:04.113Z] <<< [apiv2][body] GET https://cloudbilling.googleapis.com/v1/projects/our-taste-36646/billingInfo {"name":"projects/our-taste-36646/billingInfo","projectId":"our-taste-36646","billingAccountName":"billingAccounts/01A9A3-8406BA-89A296","billingEnabled":true}
[debug] [2026-06-10T08:02:04.114Z] Checked if tokens are valid: true, expires at: 1781082099513
[debug] [2026-06-10T08:02:04.114Z] Checked if tokens are valid: true, expires at: 1781082099513
[debug] [2026-06-10T08:02:04.114Z] >>> [apiv2][query] POST https://cloudfunctions.googleapis.com/v2/projects/our-taste-36646/locations/us-central1/functions:generateUploadUrl [none]
[debug] [2026-06-10T08:02:05.329Z] <<< [apiv2][status] POST https://cloudfunctions.googleapis.com/v2/projects/our-taste-36646/locations/us-central1/functions:generateUploadUrl 200
[debug] [2026-06-10T08:02:05.329Z] <<< [apiv2][body] POST https://cloudfunctions.googleapis.com/v2/projects/our-taste-36646/locations/us-central1/functions:generateUploadUrl {"uploadUrl":"https://storage.googleapis.com/gcf-v2-uploads-458084666631.us-central1.cloudfunctions.appspot.com/41b4e630-c6d3-4d8b-9a25-004b8c330beb.zip?GoogleAccessId=service-458084666631@gcf-admin-robot.iam.gserviceaccount.com&Expires=1781080323&Signature=fGAyDnqZP7ZJujpNxprXG62vCOBblWbpw7jvF3EEE08UdM0RzPxUbbPJiyQ%2FaNaNh4B5rgGDzH7DnQsozvaUr2akJv9eJnaVW9mxSQ18l4K%2BdKM%2B8iyxQemLDw3%2BMrKDK4gr7dLDlkV6JVkENPY3q5N975sLVAPKImQkQUmPybxQYdMNLo5xXJd1ZLrJPnDONi5EtMg5O4eBm5EEQnX2dc%2B3dXOmpzxwr4FydsCRNPnOegG4PtZvdcTGnq7OzZ2hpAYg184rygMNqP55Uma2RRFxO4L8EEpEt4JOiWeblzDBAowLljNkQslY4xAq0q9KUnR2oXhhPIiLcpTqDi7SbA%3D%3D","storageSource":{"bucket":"gcf-v2-uploads-458084666631.us-central1.cloudfunctions.appspot.com","object":"41b4e630-c6d3-4d8b-9a25-004b8c330beb.zip"}}
[debug] [2026-06-10T08:02:05.332Z] >>> [apiv2][query] PUT https://storage.googleapis.com/gcf-v2-uploads-458084666631.us-central1.cloudfunctions.appspot.com/41b4e630-c6d3-4d8b-9a25-004b8c330beb.zip GoogleAccessId=service-458084666631%40gcf-admin-robot.iam.gserviceaccount.com&Expires=1781080323&Signature=fGAyDnqZP7ZJujpNxprXG62vCOBblWbpw7jvF3EEE08UdM0RzPxUbbPJiyQ%2FaNaNh4B5rgGDzH7DnQsozvaUr2akJv9eJnaVW9mxSQ18l4K%2BdKM%2B8iyxQemLDw3%2BMrKDK4gr7dLDlkV6JVkENPY3q5N975sLVAPKImQkQUmPybxQYdMNLo5xXJd1ZLrJPnDONi5EtMg5O4eBm5EEQnX2dc%2B3dXOmpzxwr4FydsCRNPnOegG4PtZvdcTGnq7OzZ2hpAYg184rygMNqP55Uma2RRFxO4L8EEpEt4JOiWeblzDBAowLljNkQslY4xAq0q9KUnR2oXhhPIiLcpTqDi7SbA%3D%3D
[debug] [2026-06-10T08:02:05.332Z] >>> [apiv2][body] PUT https://storage.googleapis.com/gcf-v2-uploads-458084666631.us-central1.cloudfunctions.appspot.com/41b4e630-c6d3-4d8b-9a25-004b8c330beb.zip [stream]
[debug] [2026-06-10T08:02:05.663Z] <<< [apiv2][status] PUT https://storage.googleapis.com/gcf-v2-uploads-458084666631.us-central1.cloudfunctions.appspot.com/41b4e630-c6d3-4d8b-9a25-004b8c330beb.zip 200
[debug] [2026-06-10T08:02:05.663Z] <<< [apiv2][body] PUT https://storage.googleapis.com/gcf-v2-uploads-458084666631.us-central1.cloudfunctions.appspot.com/41b4e630-c6d3-4d8b-9a25-004b8c330beb.zip [omitted]
[info] +  functions: functions source uploaded successfully 
[info] 
The following functions are found in your project but do not exist in your local source code:
	helloWorld(us-central1)

If you are renaming a function or changing its region, it is recommended that you create the new function first before deleting the old one to prevent event loss. For more info, visit https://firebase.google.com/docs/functions/manage-functions#modify

